src/components/layouts/DashboardLayout.tsx(12,3): error TS6133: 'Settings' is declared but its value is never read.
src/components/ui/qrcodedataurl.tsx(15,20): error TS7016: Could not find a declaration file for module 'qrcode'. 'C:/Users/Administrator/Desktop/Amanic2/node_modules/qrcode/lib/index.js' implicitly has an 'any' type.
  Try `npm i --save-dev @types/qrcode` if it exists or add a new declaration (.d.ts) file containing `declare module 'qrcode';`
src/components/ui/video.tsx(87,6): error TS2304: Cannot find name 'Player'.
src/components/ui/video.tsx(105,10): error TS2741: Property 'actions' is missing in type '{ key: string; }' but required in type 'FullScreenToggleProps'.
src/components/ui/video.tsx(108,7): error TS2304: Cannot find name 'Player'.
src/pages/AdminPage.tsx(4,1): error TS6133: 'Button' is declared but its value is never read.
src/pages/ReminderLogsPage.tsx(3,29): error TS6133: 'CardDescription' is declared but its value is never read.
src/pages/ReminderLogsPage.tsx(3,46): error TS6133: 'CardHeader' is declared but its value is never read.
src/pages/ReminderLogsPage.tsx(3,58): error TS6133: 'CardTitle' is declared but its value is never read.
src/pages/SchedulesPage.tsx(107,15): error TS6133: 'data' is declared but its value is never read.
src/pages/SchedulesPage.tsx(365,42): error TS2552: Cannot find name 'format'. Did you mean 'FormData'?
